=== Starting E2E Validation for Khansa Retail OS ===
[Browser Error] Failed to load resource: the server responded with a status of 401 (Unauthorized)
[Browser Error] Failed to load resource: the server responded with a status of 401 (Unauthorized)
[API Error Response] http://localhost:5000/api/auth/refresh - Status 401 - Body: {"success":false,"data":null,"message":"No refresh token"}
[API Error Response] http://localhost:5000/api/auth/refresh - Status 401 - Body: {"success":false,"data":null,"message":"No refresh token"}
Navigated to Registration Page
Submitting registration for phone: 9000007932
Current URL after registration: http://localhost:5173/dashboard
Registration succeeded and navigated to Dashboard.
Attempting logout...
Found sidebar button text: "LOGOUT SESSION"
Current URL after logout: http://localhost:5173/login
Logout succeeded and redirected to /login.
Attempting to access /dashboard while unauthenticated...
[Browser Error] Failed to load resource: the server responded with a status of 401 (Unauthorized)
[Browser Error] Failed to load resource: the server responded with a status of 401 (Unauthorized)
[API Error Response] http://localhost:5000/api/auth/refresh - Status 401 - Body: {"success":false,"data":null,"message":"No refresh token"}
[API Error Response] http://localhost:5000/api/auth/refresh - Status 401 - Body: {"success":false,"data":null,"message":"No refresh token"}
URL after navigating directly to /dashboard: http://localhost:5173/login
Protected route correctly rejected and redirected to /login.
Testing Invalid Login...
[Browser Error] Failed to load resource: the server responded with a status of 401 (Unauthorized)
[API Error Response] http://localhost:5000/api/auth/login - Status 401 - Body: {"success":false,"data":null,"message":"Invalid phone or password"}
Invalid login error message: "INVALID PHONE OR PASSWORD"
Testing Valid Login...
URL after valid login: http://localhost:5173/dashboard
Login succeeded.
Navigating to Customer Module (Udhari Book)...
[Browser Error] Failed to load resource: the server responded with a status of 401 (Unauthorized)
[API Error Response] http://localhost:5000/api/auth/refresh - Status 401 - Body: {"success":false,"data":null,"message":"Refresh token revoked or expired / Token reuse detected"}
Creating a new customer...
node : Test script runtime error: TypeError: Cannot read properties of null (reading 'click')
At line:1 char:1
+ node test-e2e.js > test-output.txt 2>&1
+ ~~~~~~~~~~~~~~~~~~~~~~~~~~~~~~~~~~~~~~~
    + CategoryInfo          : NotSpecified: (Test script run...eading 'click'):String) [], RemoteException
    + FullyQualifiedErrorId : NativeCommandError
 
    at runTests (C:\Users\Asus\OneDrive\Desktop\khansa-retail-os\test-e2e.js:189:35)
=== E2E Validation Finished ===
Summary of Results:
{
  "phases": {
    "Phase 2 - Authentication": {
      "status": "PASS",
      "registration": "PASS",
      "logout": "PASS",
      "protectedRoutes": "PASS",
      "invalidLogin": "PASS",
      "login": "PASS"
    },
    "Phase 3 - Customer Module": {
      "status": "IN_PROGRESS"
    }
  },
  "consoleErrors": [
    {
      "text": "Failed to load resource: the server responded with a status of 401 (Unauthorized)",
      "location": {
        "url": "http://localhost:5000/api/auth/refresh"
      }
    },
    {
      "text": "Failed to load resource: the server responded with a status of 401 (Unauthorized)",
      "location": {
        "url": "http://localhost:5000/api/auth/refresh"
      }
    },
    {
      "text": "Failed to load resource: the server responded with a status of 401 (Unauthorized)",
      "location": {
        "url": "http://localhost:5000/api/auth/refresh"
      }
    },
    {
      "text": "Failed to load resource: the server responded with a status of 401 (Unauthorized)",
      "location": {
        "url": "http://localhost:5000/api/auth/refresh"
      }
    },
    {
      "text": "Failed to load resource: the server responded with a status of 401 (Unauthorized)",
      "location": {
        "url": "http://localhost:5000/api/auth/login"
      }
    },
    {
      "text": "Failed to load resource: the server responded with a status of 401 (Unauthorized)",
      "location": {
        "url": "http://localhost:5000/api/auth/refresh"
      }
    }
  ],
  "networkFailures": [],
  "apiFailures": [
    {
      "url": "http://localhost:5000/api/auth/refresh",
      "status": 401,
      "payload": "{\"success\":false,\"data\":null,\"message\":\"No refresh token\"}"
    },
    {
      "url": "http://localhost:5000/api/auth/refresh",
      "status": 401,
      "payload": "{\"success\":false,\"data\":null,\"message\":\"No refresh token\"}"
    },
    {
      "url": "http://localhost:5000/api/auth/refresh",
      "status": 401,
      "payload": "{\"success\":false,\"data\":null,\"message\":\"No refresh token\"}"
    },
    {
      "url": "http://localhost:5000/api/auth/refresh",
      "status": 401,
      "payload": "{\"success\":false,\"data\":null,\"message\":\"No refresh token\"}"
    },
    {
      "url": "http://localhost:5000/api/auth/login",
      "status": 401,
      "payload": "{\"success\":false,\"data\":null,\"message\":\"Invalid phone or password\"}"
    },
    {
      "url": "http://localhost:5000/api/auth/refresh",
      "status": 401,
      "payload": "{\"success\":false,\"data\":null,\"message\":\"Refresh token revoked or expired / Token reuse detected\"}"
    }
  ]
}
Saved detailed report to C:\Users\Asus\OneDrive\Desktop\khansa-retail-os\server\test-results.json
